Running Gradle task 'assembleDebug'...                          
flutter : Warning: Flutter 
support for your project's Kotlin 
version (2.0.0) will soon be 
dropped. Please upgrade your 
Kotlin version to a version of at 
least 2.2.20 soon.
At line:1 char:1
+ flutter build apk --debug 2>&1 
| Tee-Object -FilePath 
"build_output.t ...
+ ~~~~~~~~~~~~~~~~~~~~~~~~~~~~~~
    + CategoryInfo          : Not 
   Specified: (Warning: Flutte..  
  .st 2.2.20 soon.:String) [],    
 RemoteException
    + FullyQualifiedErrorId : Nat 
   iveCommandError
 
Alternatively, use the flag "--and
roid-skip-build-dependency-validat
ion" to bypass this check.

Potential fix: Your project's KGP 
version is typically defined in 
the plugins block of the 
`settings.gradle` file 
(E:\project\player 
app\android/settings.gradle), by 
a plugin with the id of 
org.jetbrains.kotlin.android. 
If you don't see a plugins block, 
your project was likely created 
with an older template version, 
in which case it is most likely 
defined in the top-level 
build.gradle file 
(E:\project\player 
app\android/build.gradle) by the 
ext.kotlin_version property.

e: file:///E:/project/player%20app
/android/app/src/main/kotlin/com/n
ovaplayer/app/MainActivity.kt:7:8 
Unresolved reference 'io'.
e: file:///E:/project/player%20app
/android/app/src/main/kotlin/com/n
ovaplayer/app/MainActivity.kt:8:8 
Unresolved reference 'io'.
e: file:///E:/project/player%20app
/android/app/src/main/kotlin/com/n
ovaplayer/app/MainActivity.kt:9:8 
Unresolved reference 'io'.
e: file:///E:/project/player%20app
/android/app/src/main/kotlin/com/n
ovaplayer/app/MainActivity.kt:11:2
2 Unresolved reference 
'FlutterActivity'.
e: file:///E:/project/player%20app
/android/app/src/main/kotlin/com/n
ovaplayer/app/MainActivity.kt:15:5
 'configureFlutterEngine' 
overrides nothing.
e: file:///E:/project/player%20app
/android/app/src/main/kotlin/com/n
ovaplayer/app/MainActivity.kt:15:5
6 Unresolved reference 
'FlutterEngine'.
e: file:///E:/project/player%20app
/android/app/src/main/kotlin/com/n
ovaplayer/app/MainActivity.kt:16:9
 Unresolved reference 
'FlutterActivity'.
e: file:///E:/project/player%20app
/android/app/src/main/kotlin/com/n
ovaplayer/app/MainActivity.kt:16:1
5 Unresolved reference 
'configureFlutterEngine'.
e: file:///E:/project/player%20app
/android/app/src/main/kotlin/com/n
ovaplayer/app/MainActivity.kt:18:9
 Unresolved reference 
'MethodChannel'.
e: file:///E:/project/player%20app
/android/app/src/main/kotlin/com/n
ovaplayer/app/MainActivity.kt:19:2
7 Unresolved reference 
'dartExecutor'.
e: file:///E:/project/player%20app
/android/app/src/main/kotlin/com/n
ovaplayer/app/MainActivity.kt:21:3
4 Cannot infer type for this 
parameter. Please specify it 
explicitly.
e: file:///E:/project/player%20app
/android/app/src/main/kotlin/com/n
ovaplayer/app/MainActivity.kt:21:4
0 Cannot infer type for this 
parameter. Please specify it 
explicitly.
e: file:///E:/project/player%20app
/android/app/src/main/kotlin/com/n
ovaplayer/app/MainActivity.kt:22:2
4 Unresolved reference 'method'.
e: file:///E:/project/player%20app
/android/app/src/main/kotlin/com/n
ovaplayer/app/MainActivity.kt:24:2
1 Argument type mismatch: actual 
type is 'K', but 'K' was expected.
e: file:///E:/project/player%20app
/android/app/src/main/kotlin/com/n
ovaplayer/app/MainActivity.kt:25:3
2 Unresolved reference 'success'.
e: file:///E:/project/player%20app
/android/app/src/main/kotlin/com/n
ovaplayer/app/MainActivity.kt:27:3
2 Unresolved reference 'error'.
e: file:///E:/project/player%20app
/android/app/src/main/kotlin/com/n
ovaplayer/app/MainActivity.kt:31:2
8 Unresolved reference 'success'.
e: file:///E:/project/player%20app
/android/app/src/main/kotlin/com/n
ovaplayer/app/MainActivity.kt:33:3
2 Unresolved reference 
'notImplemented'.
e: file:///E:/project/player%20app
/android/app/src/main/kotlin/com/n
ovaplayer/app/MainActivity.kt:45:4
3 Too many arguments for 'private 
final fun com/novaplayer/app/MainA
ctivity.enterPictureInPictureMode(
): kotlin/Boolean'.
e: file:///E:/project/player%20app
/android/app/src/main/kotlin/com/n
ovaplayer/app/MainActivity.kt:57:1
3 Unresolved reference 
'packageManager'.
e: file:///E:/project/player%20app
/android/app/src/main/kotlin/com/n
ovaplayer/app/MainActivity.kt:63:5
 'onUserLeaveHint' overrides 
nothing.
e: file:///E:/project/player%20app
/android/app/src/main/kotlin/com/n
ovaplayer/app/MainActivity.kt:64:9
 Unresolved reference 
'FlutterActivity'.
e: file:///E:/project/player%20app
/android/app/src/main/kotlin/com/n
ovaplayer/app/MainActivity.kt:64:1
5 Unresolved reference 
'onUserLeaveHint'.

FAILURE: Build failed with an 
exception.

* What went wrong:
Execution failed for task 
':app:compileDebugKotlin'.
> A failure occurred while 
executing org.jetbrains.kotlin.com
pilerRunner.GradleCompilerRunnerWi
thWorkers$GradleKotlinCompilerWork
Action
   > Compilation error. See log 
for more details

* Try:
> Run with --stacktrace option to 
get the stack trace.
> Run with --info or --debug 
option to get more log output.
> Run with --scan to get full 
insights.
> Get more help at 
https://help.gradle.org.

BUILD FAILED in 55s
Running Gradle task 'assembleDebug'...                             55.8s
Gradle task assembleDebug failed 
with exit code 1
